2026-10-05T19:00:13.4681549Z Current runner version: '2.337.0'
2026-10-05T19:00:13.4711448Z ##[group]Runner Image Provisioner
2026-10-05T19:00:13.4712800Z Hosted Compute Agent
2026-10-05T19:00:13.4713498Z Version: 20260901.588
2026-10-05T19:00:13.4714391Z Commit: f88ec8081b781fac6c440065ac7ff9e710ce3d0b
2026-10-05T19:00:13.4715276Z Build Date: 2026-09-01T19:56:44Z
2026-10-05T19:00:13.4716216Z Worker ID: {f6536294-153e-4d2c-a77d-8f0c786b85f7}
2026-10-05T19:00:13.4717105Z Azure Region: westus3
2026-10-05T19:00:13.4717818Z ##[endgroup]
2026-10-05T19:00:13.4719728Z ##[group]Operating System
2026-10-05T19:00:13.4720480Z Ubuntu
2026-10-05T19:00:13.4721216Z 24.04.5
2026-10-05T19:00:13.4722074Z LTS
2026-10-05T19:00:13.4722710Z ##[endgroup]
2026-10-05T19:00:13.4723474Z ##[group]Runner Image
2026-10-05T19:00:13.4724204Z Image: ubuntu-24.04
2026-10-05T19:00:13.4725392Z Version: 20260927.320.1
2026-10-05T19:00:13.4727076Z Included Software: https://github.com/actions/runner-images/blob/ubuntu24/20260927.320/images/ubuntu/Ubuntu2404-Readme.md
2026-10-05T19:00:13.4729150Z Image Release: https://github.com/actions/runner-images/releases/tag/ubuntu24%2F20260927.320
2026-10-05T19:00:13.4730368Z ##[endgroup]
2026-10-05T19:00:13.4732137Z ##[group]GITHUB_TOKEN Permissions
2026-10-05T19:00:13.4734619Z Contents: read
2026-10-05T19:00:13.4735476Z Metadata: read
2026-10-05T19:00:13.4736166Z ##[endgroup]
2026-10-05T19:00:13.4738662Z Secret source: Actions
2026-10-05T19:00:13.4739902Z Cache mode: write
2026-10-05T19:00:13.4740760Z Prepare workflow directory
2026-10-05T19:00:13.5314980Z Prepare all required actions
2026-10-05T19:00:13.5371158Z Getting action download info
2026-10-05T19:00:13.9260937Z Download action repository 'actions/checkout@v4' (SHA:11d5960a326750d5838078e36cf38b85af677262)
2026-10-05T19:00:14.0328688Z Download action repository 'actions/setup-python@v5' (SHA:a26af69be951a213d495a4c3e4e4022e16d87065)
2026-10-05T19:00:14.1876972Z Download action repository 'actions/upload-artifact@v4' (SHA:ea165f8d65b6e75b540449e92b4886f43607fa02)
2026-10-05T19:00:14.5184750Z Complete job name: verify-and-paper
2026-10-05T19:00:14.5879148Z ##[group]Run actions/checkout@v4
2026-10-05T19:00:14.5880172Z with:
2026-10-05T19:00:14.5880902Z   repository: khaledhasneen1993/polymarket-pair-bot
2026-10-05T19:00:14.5888581Z   token: ***
2026-10-05T19:00:14.5889218Z   ssh-strict: true
2026-10-05T19:00:14.5889862Z   ssh-user: git
2026-10-05T19:00:14.5890510Z   persist-credentials: true
2026-10-05T19:00:14.5891221Z   clean: true
2026-10-05T19:00:14.5891960Z   sparse-checkout-cone-mode: true
2026-10-05T19:00:14.5892734Z   fetch-depth: 1
2026-10-05T19:00:14.5893358Z   fetch-tags: false
2026-10-05T19:00:14.5894011Z   show-progress: true
2026-10-05T19:00:14.5894659Z   lfs: false
2026-10-05T19:00:14.5895274Z   submodules: false
2026-10-05T19:00:14.5895944Z   set-safe-directory: true
2026-10-05T19:00:14.5896681Z   allow-unsafe-pr-checkout: false
2026-10-05T19:00:14.5897688Z ##[endgroup]
2026-10-05T19:00:14.6917840Z Syncing repository: khaledhasneen1993/polymarket-pair-bot
2026-10-05T19:00:14.6922093Z ##[group]Getting Git version info
2026-10-05T19:00:14.6924985Z Working directory is '/home/runner/work/polymarket-pair-bot/polymarket-pair-bot'
2026-10-05T19:00:14.6928153Z [command]/usr/bin/git version
2026-10-05T19:00:14.6970264Z git version 2.55.0
2026-10-05T19:00:14.7037174Z ##[endgroup]
2026-10-05T19:00:14.7051542Z Temporarily overriding HOME='/home/runner/work/_temp/62c3b615-c0bc-4159-81da-9754efe09d32' before making global git config changes
2026-10-05T19:00:14.7059871Z Adding repository directory to the temporary git global config as a safe directory
2026-10-05T19:00:14.7063240Z [command]/usr/bin/git config --global --add safe.directory /home/runner/work/polymarket-pair-bot/polymarket-pair-bot
2026-10-05T19:00:14.7560272Z Deleting the contents of '/home/runner/work/polymarket-pair-bot/polymarket-pair-bot'
2026-10-05T19:00:14.7567559Z ##[group]Initializing the repository
2026-10-05T19:00:14.7583835Z [command]/usr/bin/git init /home/runner/work/polymarket-pair-bot/polymarket-pair-bot
2026-10-05T19:00:14.8183996Z hint: Using 'master' as the name for the initial branch. This default branch name
2026-10-05T19:00:14.8193590Z hint: will change to "main" in Git 3.0. To configure the initial branch name
2026-10-05T19:00:14.8196210Z hint: to use in all of your new repositories, which will suppress this warning,
2026-10-05T19:00:14.8198589Z hint: call:
2026-10-05T19:00:14.8199703Z hint:
2026-10-05T19:00:14.8201241Z hint: 	git config --global init.defaultBranch <name>
2026-10-05T19:00:14.8203041Z hint:
2026-10-05T19:00:14.8204742Z hint: Names commonly chosen instead of 'master' are 'main', 'trunk' and
2026-10-05T19:00:14.8207157Z hint: 'development'. The just-created branch can be renamed via this command:
2026-10-05T19:00:14.8209352Z hint:
2026-10-05T19:00:14.8210313Z hint: 	git branch -m <name>
2026-10-05T19:00:14.8211994Z hint:
2026-10-05T19:00:14.8213603Z hint: Disable this message with "git config set advice.defaultBranchName false"
2026-10-05T19:00:14.8216825Z Initialized empty Git repository in /home/runner/work/polymarket-pair-bot/polymarket-pair-bot/.git/
2026-10-05T19:00:14.8222708Z [command]/usr/bin/git remote add origin https://github.com/khaledhasneen1993/polymarket-pair-bot
2026-10-05T19:00:14.8374733Z ##[endgroup]
2026-10-05T19:00:14.8378492Z ##[group]Disabling automatic garbage collection
2026-10-05T19:00:14.8380574Z [command]/usr/bin/git config --local gc.auto 0
2026-10-05T19:00:14.8591046Z ##[endgroup]
2026-10-05T19:00:14.8594567Z ##[group]Setting up auth
2026-10-05T19:00:14.8596091Z [command]/usr/bin/git config --local --name-only --get-regexp core\.sshCommand
2026-10-05T19:00:14.8629400Z [command]/usr/bin/git submodule foreach --recursive sh -c "git config --local --name-only --get-regexp 'core\.sshCommand' && git config --local --unset-all 'core.sshCommand' || :"
2026-10-05T19:00:14.8982149Z [command]/usr/bin/git config --local --name-only --get-regexp http\.https\:\/\/github\.com\/\.extraheader
2026-10-05T19:00:14.9025497Z [command]/usr/bin/git submodule foreach --recursive sh -c "git config --local --name-only --get-regexp 'http\.https\:\/\/github\.com\/\.extraheader' && git config --local --unset-all 'http.https://github.com/.extraheader' || :"
2026-10-05T19:00:14.9250775Z [command]/usr/bin/git config --local --name-only --get-regexp ^includeIf\.gitdir:
2026-10-05T19:00:14.9285942Z [command]/usr/bin/git submodule foreach --recursive git config --local --show-origin --name-only --get-regexp remote.origin.url
2026-10-05T19:00:14.9502443Z [command]/usr/bin/git config --local http.https://github.com/.extraheader AUTHORIZATION: basic ***
2026-10-05T19:00:14.9605314Z ##[endgroup]
2026-10-05T19:00:14.9606791Z ##[group]Fetching the repository
2026-10-05T19:00:14.9609248Z [command]/usr/bin/git -c protocol.version=2 fetch --no-tags --prune --no-recurse-submodules --depth=1 origin +c3cd2affc30b3c8324700bffb640d7ca62accbca:refs/remotes/origin/paper-until-0100-20261006
2026-10-05T19:00:16.3017068Z From https://github.com/khaledhasneen1993/polymarket-pair-bot
2026-10-05T19:00:16.3022890Z  * [new ref]         c3cd2affc30b3c8324700bffb640d7ca62accbca -> origin/paper-until-0100-20261006
2026-10-05T19:00:16.3025982Z ##[endgroup]
2026-10-05T19:00:16.3026973Z ##[group]Determining the checkout info
2026-10-05T19:00:16.3027965Z ##[endgroup]
2026-10-05T19:00:16.3031616Z [command]/usr/bin/git sparse-checkout disable
2026-10-05T19:00:16.3238046Z [command]/usr/bin/git config --local --unset-all extensions.worktreeConfig
2026-10-05T19:00:16.3360782Z ##[group]Checking out the ref
2026-10-05T19:00:16.3362191Z [command]/usr/bin/git checkout --progress --force -B paper-until-0100-20261006 refs/remotes/origin/paper-until-0100-20261006
2026-10-05T19:00:16.3734972Z Switched to a new branch 'paper-until-0100-20261006'
2026-10-05T19:00:16.3745657Z branch 'paper-until-0100-20261006' set up to track 'origin/paper-until-0100-20261006'.
2026-10-05T19:00:16.3750400Z ##[endgroup]
2026-10-05T19:00:16.3801440Z [command]/usr/bin/git log -1 --format=%H
2026-10-05T19:00:16.3819639Z c3cd2affc30b3c8324700bffb640d7ca62accbca
2026-10-05T19:00:16.4108003Z ##[group]Run actions/setup-python@v5
2026-10-05T19:00:16.4108419Z with:
2026-10-05T19:00:16.4108746Z   python-version: 3.12
2026-10-05T19:00:16.4109091Z   check-latest: false
2026-10-05T19:00:16.4111465Z   token: ***
2026-10-05T19:00:16.4112015Z   update-environment: true
2026-10-05T19:00:16.4112384Z   allow-prereleases: false
2026-10-05T19:00:16.4112738Z   freethreaded: false
2026-10-05T19:00:16.4113065Z ##[endgroup]
2026-10-05T19:00:16.5329431Z ##[group]Installed versions
2026-10-05T19:00:16.5616442Z (node:1978) [DEP0040] DeprecationWarning: The `punycode` module is deprecated. Please use a userland alternative instead.
2026-10-05T19:00:16.5617806Z Successfully set up CPython (3.12.14)
2026-10-05T19:00:16.5618761Z (Use `node --trace-deprecation ...` to show where the warning was created)
2026-10-05T19:00:16.5644781Z ##[endgroup]
2026-10-05T19:00:16.5850628Z ##[group]Run python -m pip install --only-binary=:all: -r requirements-dev.txt
2026-10-05T19:00:16.5851880Z [36;1mpython -m pip install --only-binary=:all: -r requirements-dev.txt[0m
2026-10-05T19:00:16.6955374Z shell: /usr/bin/bash -e {0}
2026-10-05T19:00:16.6955966Z env:
2026-10-05T19:00:16.6956527Z   pythonLocation: /opt/hostedtoolcache/Python/3.12.14/x64
2026-10-05T19:00:16.6957267Z   PKG_CONFIG_PATH: /opt/hostedtoolcache/Python/3.12.14/x64/lib/pkgconfig
2026-10-05T19:00:16.6957813Z   Python_ROOT_DIR: /opt/hostedtoolcache/Python/3.12.14/x64
2026-10-05T19:00:16.6958306Z   Python2_ROOT_DIR: /opt/hostedtoolcache/Python/3.12.14/x64
2026-10-05T19:00:16.6958801Z   Python3_ROOT_DIR: /opt/hostedtoolcache/Python/3.12.14/x64
2026-10-05T19:00:16.6959308Z   LD_LIBRARY_PATH: /opt/hostedtoolcache/Python/3.12.14/x64/lib
2026-10-05T19:00:16.6959745Z ##[endgroup]
2026-10-05T19:00:18.6663385Z Collecting httpx==0.28.1 (from httpx[socks]==0.28.1->-r /home/runner/work/polymarket-pair-bot/polymarket-pair-bot/requirements.txt (line 1))
2026-10-05T19:00:18.7059266Z   Downloading httpx-0.28.1-py3-none-any.whl.metadata (7.1 kB)
2026-10-05T19:00:18.9741431Z Collecting websockets==15.0.1 (from -r /home/runner/work/polymarket-pair-bot/polymarket-pair-bot/requirements.txt (line 2))
2026-10-05T19:00:18.9772415Z   Downloading websockets-15.0.1-cp312-cp312-manylinux_2_5_x86_64.manylinux1_x86_64.manylinux_2_17_x86_64.manylinux2014_x86_64.whl.metadata (6.8 kB)
2026-10-05T19:00:18.9875694Z Collecting sortedcontainers==2.4.0 (from -r /home/runner/work/polymarket-pair-bot/polymarket-pair-bot/requirements.txt (line 3))
2026-10-05T19:00:18.9902335Z   Downloading sortedcontainers-2.4.0-py2.py3-none-any.whl.metadata (10 kB)
2026-10-05T19:00:19.0019936Z Collecting python-socks==2.7.2 (from python-socks[asyncio]==2.7.2->-r /home/runner/work/polymarket-pair-bot/polymarket-pair-bot/requirements.txt (line 4))
2026-10-05T19:00:19.0055739Z   Downloading python_socks-2.7.2-py3-none-any.whl.metadata (8.0 kB)
2026-10-05T19:00:19.0377571Z Collecting pytest==8.4.2 (from -r requirements-dev.txt (line 2))
2026-10-05T19:00:19.0423675Z   Downloading pytest-8.4.2-py3-none-any.whl.metadata (7.7 kB)
2026-10-05T19:00:19.0585695Z Collecting anyio (from httpx==0.28.1->httpx[socks]==0.28.1->-r /home/runner/work/polymarket-pair-bot/polymarket-pair-bot/requirements.txt (line 1))
2026-10-05T19:00:19.0619850Z   Downloading anyio-4.15.1-py3-none-any.whl.metadata (4.7 kB)
2026-10-05T19:00:19.0867903Z Collecting certifi (from httpx==0.28.1->httpx[socks]==0.28.1->-r /home/runner/work/polymarket-pair-bot/polymarket-pair-bot/requirements.txt (line 1))
2026-10-05T19:00:19.0907280Z   Downloading certifi-2026.7.22-py3-none-any.whl.metadata (2.5 kB)
2026-10-05T19:00:19.1071411Z Collecting httpcore==1.* (from httpx==0.28.1->httpx[socks]==0.28.1->-r /home/runner/work/polymarket-pair-bot/polymarket-pair-bot/requirements.txt (line 1))
2026-10-05T19:00:19.1099837Z   Downloading httpcore-1.0.9-py3-none-any.whl.metadata (21 kB)
2026-10-05T19:00:19.1234664Z Collecting idna (from httpx==0.28.1->httpx[socks]==0.28.1->-r /home/runner/work/polymarket-pair-bot/polymarket-pair-bot/requirements.txt (line 1))
2026-10-05T19:00:19.1262268Z   Downloading idna-3.20-py3-none-any.whl.metadata (7.2 kB)
2026-10-05T19:00:19.3825630Z Collecting iniconfig>=1 (from pytest==8.4.2->-r requirements-dev.txt (line 2))
2026-10-05T19:00:19.3853860Z   Downloading iniconfig-2.3.0-py3-none-any.whl.metadata (2.5 kB)
2026-10-05T19:00:19.3969252Z Collecting packaging>=20 (from pytest==8.4.2->-r requirements-dev.txt (line 2))
2026-10-05T19:00:19.4014298Z   Downloading packaging-26.3-py3-none-any.whl.metadata (3.5 kB)
2026-10-05T19:00:19.4107526Z Collecting pluggy<2,>=1.5 (from pytest==8.4.2->-r requirements-dev.txt (line 2))
2026-10-05T19:00:19.4135747Z   Downloading pluggy-1.6.0-py3-none-any.whl.metadata (4.8 kB)
2026-10-05T19:00:19.4274755Z Collecting pygments>=2.7.2 (from pytest==8.4.2->-r requirements-dev.txt (line 2))
2026-10-05T19:00:19.4303172Z   Downloading pygments-2.21.0-py3-none-any.whl.metadata (2.5 kB)
2026-10-05T19:00:19.4396162Z Collecting socksio==1.* (from httpx[socks]==0.28.1->-r /home/runner/work/polymarket-pair-bot/polymarket-pair-bot/requirements.txt (line 1))
2026-10-05T19:00:19.4428818Z   Downloading socksio-1.0.0-py3-none-any.whl.metadata (6.1 kB)
2026-10-05T19:00:19.4539634Z Collecting h11>=0.16 (from httpcore==1.*->httpx==0.28.1->httpx[socks]==0.28.1->-r /home/runner/work/polymarket-pair-bot/polymarket-pair-bot/requirements.txt (line 1))
2026-10-05T19:00:19.4567007Z   Downloading h11-0.16.0-py3-none-any.whl.metadata (8.3 kB)
2026-10-05T19:00:19.4717477Z Collecting typing_extensions>=4.16.0 (from anyio->httpx==0.28.1->httpx[socks]==0.28.1->-r /home/runner/work/polymarket-pair-bot/polymarket-pair-bot/requirements.txt (line 1))
2026-10-05T19:00:19.4746377Z   Downloading typing_extensions-4.16.0-py3-none-any.whl.metadata (3.3 kB)
2026-10-05T19:00:19.4817807Z Downloading httpx-0.28.1-py3-none-any.whl (73 kB)
2026-10-05T19:00:19.4879585Z Downloading websockets-15.0.1-cp312-cp312-manylinux_2_5_x86_64.manylinux1_x86_64.manylinux_2_17_x86_64.manylinux2014_x86_64.whl (182 kB)
2026-10-05T19:00:19.4941506Z Downloading sortedcontainers-2.4.0-py2.py3-none-any.whl (29 kB)
2026-10-05T19:00:19.4985188Z Downloading python_socks-2.7.2-py3-none-any.whl (55 kB)
2026-10-05T19:00:19.5030971Z Downloading pytest-8.4.2-py3-none-any.whl (365 kB)
2026-10-05T19:00:19.5108431Z Downloading httpcore-1.0.9-py3-none-any.whl (78 kB)
2026-10-05T19:00:19.5153502Z Downloading pluggy-1.6.0-py3-none-any.whl (20 kB)
2026-10-05T19:00:19.5207572Z Downloading socksio-1.0.0-py3-none-any.whl (12 kB)
2026-10-05T19:00:19.5258077Z Downloading h11-0.16.0-py3-none-any.whl (37 kB)
2026-10-05T19:00:19.5295148Z Downloading iniconfig-2.3.0-py3-none-any.whl (7.5 kB)
2026-10-05T19:00:19.5338396Z Downloading packaging-26.3-py3-none-any.whl (129 kB)
2026-10-05T19:00:19.5385686Z Downloading pygments-2.21.0-py3-none-any.whl (1.3 MB)
2026-10-05T19:00:19.5501486Z    ━━━━━━━━━━━━━━━━━━━━━━━━━━━━━━━━━━━━━━━━ 1.3/1.3 MB 107.5 MB/s  0:00:00
2026-10-05T19:00:19.5530220Z Downloading anyio-4.15.1-py3-none-any.whl (132 kB)
2026-10-05T19:00:19.5576677Z Downloading idna-3.20-py3-none-any.whl (69 kB)
2026-10-05T19:00:19.5623611Z Downloading typing_extensions-4.16.0-py3-none-any.whl (45 kB)
2026-10-05T19:00:19.5668298Z Downloading certifi-2026.7.22-py3-none-any.whl (136 kB)
2026-10-05T19:00:19.6400944Z Installing collected packages: sortedcontainers, websockets, typing_extensions, socksio, python-socks, pygments, pluggy, packaging, iniconfig, idna, h11, certifi, pytest, httpcore, anyio, httpx
2026-10-05T19:00:20.9556996Z 
2026-10-05T19:00:20.9574090Z Successfully installed anyio-4.15.1 certifi-2026.7.22 h11-0.16.0 httpcore-1.0.9 httpx-0.28.1 idna-3.20 iniconfig-2.3.0 packaging-26.3 pluggy-1.6.0 pygments-2.21.0 pytest-8.4.2 python-socks-2.7.2 socksio-1.0.0 sortedcontainers-2.4.0 typing_extensions-4.16.0 websockets-15.0.1
2026-10-05T19:00:21.0173395Z ##[group]Run python -m pytest -q
2026-10-05T19:00:21.0173680Z [36;1mpython -m pytest -q[0m
2026-10-05T19:00:21.0232116Z shell: /usr/bin/bash -e {0}
2026-10-05T19:00:21.0232326Z env:
2026-10-05T19:00:21.0232548Z   pythonLocation: /opt/hostedtoolcache/Python/3.12.14/x64
2026-10-05T19:00:21.0233080Z   PKG_CONFIG_PATH: /opt/hostedtoolcache/Python/3.12.14/x64/lib/pkgconfig
2026-10-05T19:00:21.0233426Z   Python_ROOT_DIR: /opt/hostedtoolcache/Python/3.12.14/x64
2026-10-05T19:00:21.0233730Z   Python2_ROOT_DIR: /opt/hostedtoolcache/Python/3.12.14/x64
2026-10-05T19:00:21.0234031Z   Python3_ROOT_DIR: /opt/hostedtoolcache/Python/3.12.14/x64
2026-10-05T19:00:21.0234325Z   LD_LIBRARY_PATH: /opt/hostedtoolcache/Python/3.12.14/x64/lib
2026-10-05T19:00:21.0234580Z ##[endgroup]
2026-10-05T19:00:22.6409875Z ........................................................................ [ 20%]
2026-10-05T19:00:22.8028773Z ........................................................................ [ 40%]
2026-10-05T19:00:25.1381030Z ........................................................................ [ 61%]
2026-10-05T19:00:30.0033132Z ........................................................................ [ 81%]
2026-10-05T19:00:32.3793184Z ..................................................................       [100%]
2026-10-05T19:00:32.3794049Z 354 passed in 10.75s
2026-10-05T19:00:32.4694051Z ##[group]Run python -u -m pairbot.until_0100_paper
2026-10-05T19:00:32.4694399Z [36;1mpython -u -m pairbot.until_0100_paper[0m
2026-10-05T19:00:32.4750867Z shell: /usr/bin/bash -e {0}
2026-10-05T19:00:32.4751080Z env:
2026-10-05T19:00:32.4751308Z   pythonLocation: /opt/hostedtoolcache/Python/3.12.14/x64
2026-10-05T19:00:32.4751655Z   PKG_CONFIG_PATH: /opt/hostedtoolcache/Python/3.12.14/x64/lib/pkgconfig
2026-10-05T19:00:32.4752094Z   Python_ROOT_DIR: /opt/hostedtoolcache/Python/3.12.14/x64
2026-10-05T19:00:32.4752400Z   Python2_ROOT_DIR: /opt/hostedtoolcache/Python/3.12.14/x64
2026-10-05T19:00:32.4752695Z   Python3_ROOT_DIR: /opt/hostedtoolcache/Python/3.12.14/x64
2026-10-05T19:00:32.4752988Z   LD_LIBRARY_PATH: /opt/hostedtoolcache/Python/3.12.14/x64/lib
2026-10-05T19:00:32.4753242Z ##[endgroup]
2026-10-05T19:00:32.6302787Z {"event": "session_started", "started_at": 1791226832.5955539, "stop_at": 1791237600, "market_count": 35, "policy_sha256": "5efae6c98d14469597bec251035e3d4da6cc3378870130291fedf2c3ebf1228d", "bankroll": 50, "trade_budget": 5, "actual_orders": 0}
2026-10-05T19:08:03.4479679Z {"event": "decision", "start": 1791227100, "choice": "ABSTAIN", "reason": "STALE_UNDERLYING_REFERENCE", "paper_trades": 0, "cash_usd": 50.0}
2026-10-05T19:13:00.3124514Z {"event": "decision", "start": 1791227400, "choice": "ABSTAIN", "reason": "REFERENCE_CONNECTION_GAP_OR_REVISION", "paper_trades": 0, "cash_usd": 50.0}
2026-10-05T19:18:01.1539580Z {"event": "decision", "start": 1791227700, "choice": "ABSTAIN", "reason": "NO_SUFFICIENT_EDGE", "paper_trades": 0, "cash_usd": 50.0}
2026-10-05T19:23:00.1455152Z {"event": "decision", "start": 1791228000, "choice": "ABSTAIN", "reason": "MISSING_CAUSAL_EXACT_TWAP_OPENING", "paper_trades": 0, "cash_usd": 50.0}
2026-10-05T19:28:01.9316639Z {"event": "decision", "start": 1791228300, "choice": "ABSTAIN", "reason": "STALE_UNDERLYING_REFERENCE", "paper_trades": 0, "cash_usd": 50.0}
2026-10-05T19:33:01.2042895Z {"event": "decision", "start": 1791228600, "choice": "ABSTAIN", "reason": "NO_SUFFICIENT_EDGE", "paper_trades": 0, "cash_usd": 50.0}
2026-10-05T19:38:01.1314527Z {"event": "decision", "start": 1791228900, "choice": "ABSTAIN", "reason": "NO_SUFFICIENT_EDGE", "paper_trades": 0, "cash_usd": 50.0}
2026-10-05T19:43:00.4778714Z {"event": "decision", "start": 1791229200, "choice": "ABSTAIN", "reason": "NO_SUFFICIENT_EDGE", "paper_trades": 0, "cash_usd": 50.0}
2026-10-05T19:48:00.5813670Z {"event": "decision", "start": 1791229500, "choice": "ABSTAIN", "reason": "NO_SUFFICIENT_EDGE", "paper_trades": 0, "cash_usd": 50.0}
2026-10-05T19:53:00.0300630Z {"event": "decision", "start": 1791229800, "choice": "ABSTAIN", "reason": "MISSING_CAUSAL_EXACT_TWAP_OPENING", "paper_trades": 0, "cash_usd": 50.0}
2026-10-05T19:58:01.9522288Z {"event": "decision", "start": 1791230100, "choice": "ABSTAIN", "reason": "STALE_UNDERLYING_REFERENCE", "paper_trades": 0, "cash_usd": 50.0}
2026-10-05T20:03:00.9006513Z {"event": "decision", "start": 1791230400, "choice": "ABSTAIN", "reason": "REFERENCE_CONNECTION_GAP_OR_REVISION", "paper_trades": 0, "cash_usd": 50.0}
2026-10-05T20:08:02.7357544Z {"event": "decision", "start": 1791230700, "choice": "Down", "reason": "CONDITIONAL_PAPER_TAKER_FILL", "paper_trades": 1, "cash_usd": 45.00000355}
2026-10-05T20:13:00.8825489Z {"event": "decision", "start": 1791231000, "choice": "ABSTAIN", "reason": "REFERENCE_CONNECTION_GAP_OR_REVISION", "paper_trades": 1, "cash_usd": 50.460098550000005}
2026-10-05T20:18:01.1212824Z {"event": "decision", "start": 1791231300, "choice": "ABSTAIN", "reason": "NO_SUFFICIENT_EDGE", "paper_trades": 1, "cash_usd": 50.460098550000005}
2026-10-05T20:23:02.7893139Z {"event": "decision", "start": 1791231600, "choice": "Up", "reason": "CONDITIONAL_PAPER_TAKER_FILL", "paper_trades": 2, "cash_usd": 45.460099750000005}
2026-10-05T20:28:02.2810809Z {"event": "decision", "start": 1791231900, "choice": "ABSTAIN", "reason": "STALE_UNDERLYING_REFERENCE", "paper_trades": 2, "cash_usd": 50.65387975}
2026-10-05T20:33:00.0434621Z {"event": "decision", "start": 1791232200, "choice": "ABSTAIN", "reason": "MISSING_CAUSAL_EXACT_TWAP_OPENING", "paper_trades": 2, "cash_usd": 50.65387975}
2026-10-05T20:38:00.0158039Z {"event": "decision", "start": 1791232500, "choice": "ABSTAIN", "reason": "MISSING_CAUSAL_EXACT_TWAP_OPENING", "paper_trades": 2, "cash_usd": 50.65387975}
2026-10-05T20:43:03.4916223Z {"event": "decision", "start": 1791232800, "choice": "Up", "reason": "CONDITIONAL_PAPER_TAKER_FILL", "paper_trades": 3, "cash_usd": 45.653881750000004}
2026-10-05T20:48:03.0795456Z {"event": "decision", "start": 1791233100, "choice": "ABSTAIN", "reason": "STALE_UNDERLYING_REFERENCE", "paper_trades": 3, "cash_usd": 45.653881750000004}
2026-10-05T20:53:01.2047121Z {"event": "decision", "start": 1791233400, "choice": "ABSTAIN", "reason": "NO_SUFFICIENT_EDGE", "paper_trades": 3, "cash_usd": 45.653881750000004}
2026-10-05T20:58:00.0232781Z {"event": "decision", "start": 1791233700, "choice": "ABSTAIN", "reason": "MISSING_CAUSAL_EXACT_TWAP_OPENING", "paper_trades": 3, "cash_usd": 45.653881750000004}
2026-10-05T21:03:00.3246306Z {"event": "decision", "start": 1791234000, "choice": "ABSTAIN", "reason": "NO_SUFFICIENT_EDGE", "paper_trades": 3, "cash_usd": 45.653881750000004}
2026-10-05T21:08:00.7419277Z {"event": "decision", "start": 1791234300, "choice": "ABSTAIN", "reason": "NO_SUFFICIENT_EDGE", "paper_trades": 3, "cash_usd": 45.653881750000004}
2026-10-05T21:13:00.9039087Z {"event": "decision", "start": 1791234600, "choice": "ABSTAIN", "reason": "NO_SUFFICIENT_EDGE", "paper_trades": 3, "cash_usd": 45.653881750000004}
2026-10-05T21:18:03.0569430Z {"event": "decision", "start": 1791234900, "choice": "ABSTAIN", "reason": "STALE_UNDERLYING_REFERENCE", "paper_trades": 3, "cash_usd": 45.653881750000004}
2026-10-05T21:23:00.7854664Z {"event": "decision", "start": 1791235200, "choice": "ABSTAIN", "reason": "NO_SUFFICIENT_EDGE", "paper_trades": 3, "cash_usd": 45.653881750000004}
2026-10-05T21:28:00.8688724Z {"event": "decision", "start": 1791235500, "choice": "ABSTAIN", "reason": "REFERENCE_HISTORY_GAP", "paper_trades": 3, "cash_usd": 45.653881750000004}
2026-10-05T21:33:00.0857605Z {"event": "decision", "start": 1791235800, "choice": "ABSTAIN", "reason": "MISSING_CAUSAL_EXACT_TWAP_OPENING", "paper_trades": 3, "cash_usd": 45.653881750000004}
2026-10-05T21:38:02.1643732Z {"event": "decision", "start": 1791236100, "choice": "ABSTAIN", "reason": "STALE_UNDERLYING_REFERENCE", "paper_trades": 3, "cash_usd": 45.653881750000004}
2026-10-05T21:43:00.7754649Z {"event": "decision", "start": 1791236400, "choice": "ABSTAIN", "reason": "NO_SUFFICIENT_EDGE", "paper_trades": 3, "cash_usd": 45.653881750000004}
2026-10-05T21:48:03.0513159Z {"event": "decision", "start": 1791236700, "choice": "ABSTAIN", "reason": "STALE_UNDERLYING_REFERENCE", "paper_trades": 3, "cash_usd": 45.653881750000004}
2026-10-05T21:53:03.5941620Z {"event": "decision", "start": 1791237000, "choice": "ABSTAIN", "reason": "STALE_UNDERLYING_REFERENCE", "paper_trades": 3, "cash_usd": 45.653881750000004}
2026-10-05T21:58:01.9356571Z {"event": "decision", "start": 1791237300, "choice": "ABSTAIN", "reason": "STALE_UNDERLYING_REFERENCE", "paper_trades": 3, "cash_usd": 45.653881750000004}
2026-10-05T22:00:00.2255781Z {"mode": "INDEPENDENT_EXPLORATORY_PAPER", "policy_sha256": "5efae6c98d14469597bec251035e3d4da6cc3378870130291fedf2c3ebf1228d", "freeze_commit": "5ae48e693ce8ede9f66e39d0c565d0659c3565bb", "started_at": 1791226832.5955539, "updated_at": 1791237600.2166584, "elapsed_seconds": 10767.621104717255, "planned_duration_seconds": 10767.40444612503, "elapsed_monotonic_seconds": 10767.621104898999, "execution_plan": {"sha256": "7c218b0f68972b94d3fa1b043d1caeb7314b41032218aa0fc93589a255349915", "freeze_commit": "fb9a547b54e882ebd9a06d1c8ce6e7c573f2c9c1", "original_policy_duration_seconds": 14400, "original_technical_gate_passed": false, "user_authorized_fixed_deadline_session": true, "stop_entry_at_utc": "2026-10-05T22:00:00Z", "stop_entry_at_amman": "2026-10-06T01:00:00+03:00"}, "stop_entry_at": 1791237600, "complete": true, "predeclared_market_count": 35, "reason_counts": {"STALE_UNDERLYING_REFERENCE": 10, "REFERENCE_CONNECTION_GAP_OR_REVISION": 3, "NO_SUFFICIENT_EDGE": 12, "MISSING_CAUSAL_EXACT_TWAP_OPENING": 6, "REFERENCE_HISTORY_GAP": 1}, "ledger": {"starting_cash_usd": 50, "cash_usd": 45.653881750000004, "paper_trades": 3, "settled_trades": 3, "pending_positions": [], "simulated_pnl_after_entry_taker_fees_settled_only": -4.346118249999999, "wins": 2, "losses": 1, "source_verified_settled_trades": 3, "source_verified_simulated_pnl_after_entry_fees": -4.346118249999999, "source_invalid_trade_count": 0, "source_pending_trade_count": 0, "max_drawdown_settled_equity_usd": 4.999997999999998, "total_net_pnl_after_all_costs": null, "other_costs_usd": null, "actual_orders": 0, "actual_fills": 0}, "source_mismatch": false, "audited_opening_count": 22, "full_decision_count": 35, "descriptive_model_decision_count": 22, "profitability_proven": false, "financial_go": false, "old_protocol_effect": "NONE", "error": null, "descriptive_clean_sampled_windows": {"count": 22, "full_count": 35, "excluded_window_fraction": 0.37142857142857144, "scope": "Whole scheduled 300-second windows classified only at fixed decision; not continuous clean seconds or protocol admission", "equivalent_excluded_window_seconds": 3900, "decisions": [{"type": "decision", "start": 1791227100, "created_at": 1791227280.0821278, "choice": "ABSTAIN", "p_up": 0.34060226312603104, "reason": "STALE_UNDERLYING_REFERENCE", "opening": {"timestamp": 1791227100.0, "price": 85565.94284855193, "received_at": 1791227101.5675, "generation": 1}, "latest": {"timestamp": 1791227279.0, "price": 85556.56135646415, "received_at": 1791227280.698376, "generation": 1}, "intervals": 118, "sigma_price_per_sqrt_second": 2.53733510513424, "features_at": 1791227280.7467384, "data_admitted": true, "informational_edge": 0.031188887337957497, "requested_side": "Up", "limit": 0.295}, {"type": "decision", "start": 1791227700, "created_at": 1791227880.0153449, "choice": "ABSTAIN", "p_up": 0.4365860380365648, "reason": "NO_SUFFICIENT_EDGE", "opening": {"timestamp": 1791227700.0, "price": 85676.65501641069, "received_at": 1791227701.699595, "generation": 3}, "latest": {"timestamp": 1791227879.0, "price": 85673.44283788626, "received_at": 1791227880.9067721, "generation": 3}, "intervals": 118, "sigma_price_per_sqrt_second": 2.2358415889667707, "features_at": 1791227880.9265862, "data_admitted": true, "informational_edge": 0.014785629705116102, "requested_side": "Up", "limit": 0.405}, {"type": "decision", "start": 1791228600, "created_at": 1791228780.0505126, "choice": "ABSTAIN", "p_up": 0.8136237609347494, "reason": "NO_SUFFICIENT_EDGE", "opening": {"timestamp": 1791228600.0, "price": 85723.329600246, "received_at": 1791228601.4820693, "generation": 3}, "latest": {"timestamp": 1791228779.0, "price": 85744.2983596421, "received_at": 1791228780.9460032, "generation": 3}, "intervals": 118, "sigma_price_per_sqrt_second": 2.6139182020090614, "features_at": 1791228780.9657989, "data_admitted": true, "informational_edge": 0.0014991730118362233, "requested_side": "Down", "limit": 0.17500000000000002}, {"type": "decision", "start": 1791228900, "created_at": 1791229080.0274825, "choice": "ABSTAIN", "p_up": 5.094713539932627e-11, "reason": "NO_SUFFICIENT_EDGE", "opening": {"timestamp": 1791228900.0, "price": 85747.44203047107, "received_at": 1791228901.3631406, "generation": 3}, "latest": {"timestamp": 1791229079.0, "price": 85669.69575907318, "received_at": 1791229080.9096906, "generation": 3}, "intervals": 116, "sigma_price_per_sqrt_second": 1.3363741764381658, "features_at": 1791229080.9378169, "data_admitted": true, "informational_edge": 0.00430651345163136, "requested_side": "Down", "limit": 0.995}, {"type": "decision", "start": 1791229200, "created_at": 1791229380.0919268, "choice": "ABSTAIN", "p_up": 0.9995071373618751, "reason": "NO_SUFFICIENT_EDGE", "opening": {"timestamp": 1791229200.0, "price": 85677.95569300732, "received_at": 1791229201.6760108, "generation": 3}, "latest": {"timestamp": 1791229379.0, "price": 85732.10043290268, "received_at": 1791229380.2710109, "generation": 3}, "intervals": 117, "sigma_price_per_sqrt_second": 1.8260601310659694, "features_at": 1791229380.2959595, "data_admitted": true, "informational_edge": 0.022469743406480783, "requested_side": "Up", "limit": 0.975}, {"type": "decision", "start": 1791229500, "created_at": 1791229680.0758054, "choice": "ABSTAIN", "p_up": 3.1723781688808295e-06, "reason": "NO_SUFFICIENT_EDGE", "opening": {"timestamp": 1791229500.0, "price": 85713.33873836535, "received_at": 1791229501.691779, "generation": 3}, "latest": {"timestamp": 1791229679.0, "price": 85663.98297195295, "received_at": 1791229680.3518152, "generation": 3}, "intervals": 116, "sigma_price_per_sqrt_second": 1.2147298569675604, "features_at": 1791229680.3817997, "data_admitted": true, "informational_edge": 0.022959433666436827, "requested_side": "Down", "limit": 0.975}, {"type": "decision", "start": 1791230700, "created_at": 1791230880.0914385, "choice": "Down", "p_up": 0.01102225584021449, "reason": "CONDITIONAL_PAPER_TAKER_FILL", "opening": {"timestamp": 1791230700.0, "price": 85699.04487410454, "received_at": 1791230701.19914, "generation": 7}, "latest": {"timestamp": 1791230879.0, "price": 85663.81500805181, "received_at": 1791230880.408006, "generation": 7}, "intervals": 117, "sigma_price_per_sqrt_second": 1.7096564743198, "features_at": 1791230880.4447372, "data_admitted": true, "informational_edge": 0.0682434116985371, "requested_side": "Down", "limit": 0.915, "execution": {"shares": 5.460095, "principal_usd": 4.96868645, "entry_fee_usd": 0.03131, "cost_usd": 4.99999645, "levels": [{"price": 0.91, "shares": 5.460095, "fee_usd": 0.03131}], "assumption": "CONDITIONAL_DISPLAYED_TAKER_DEPTH_NOT_ACTUAL_EXECUTION"}}, {"type": "decision", "start": 1791231300, "created_at": 1791231480.071324, "choice": "ABSTAIN", "p_up": 0.9999999974019833, "reason": "NO_SUFFICIENT_EDGE", "opening": {"timestamp": 1791231300.0, "price": 85670.6884658111, "received_at": 1791231301.7427049, "generation": 9}, "latest": {"timestamp": 1791231479.0, "price": 85743.96436366762, "received_at": 1791231480.886257, "generation": 9}, "intervals": 117, "sigma_price_per_sqrt_second": 1.3939544753444146, "features_at": 1791231480.932994, "data_admitted": true, "informational_edge": 0.004306510904561804, "requested_side": "Up", "limit": 0.995}, {"type": "decision", "start": 1791231600, "created_at": 1791231780.0629258, "choice": "Up", "p_up": 0.9999934173748839, "reason": "CONDITIONAL_PAPER_TAKER_FILL", "opening": {"timestamp": 1791231600.0, "price": 85744.23870640722, "received_at": 1791231601.1093678, "generation": 9}, "latest": {"timestamp": 1791231779.0, "price": 85792.84124921936, "received_at": 1791231780.404746, "generation": 9}, "intervals": 117, "sigma_price_per_sqrt_second": 1.2393529496812883, "features_at": 1791231780.4424562, "data_admitted": true, "informational_edge": 0.03230366155157239, "requested_side": "Up", "limit": 0.965, "execution": {"shares": 5.19378, "principal_usd": 4.9860288, "entry_fee_usd": 0.01397, "cost_usd": 4.999998799999999, "levels": [{"price": 0.96, "shares": 5.19378, "fee_usd": 0.01397}], "assumption": "CONDITIONAL_DISPLAYED_TAKER_DEPTH_NOT_ACTUAL_EXECUTION"}}, {"type": "decision", "start": 1791231900, "created_at": 1791232080.013654, "choice": "ABSTAIN", "p_up": 0.0879143802413308, "reason": "STALE_UNDERLYING_REFERENCE", "opening": {"timestamp": 1791231900.0, "price": 85775.39897087456, "received_at": 1791231901.6799684, "generation": 9}, "latest": {"timestamp": 1791232079.0, "price": 85758.64847487448, "received_at": 1791232080.210801, "generation": 9}, "intervals": 118, "sigma_price_per_sqrt_second": 1.3748628215271297, "features_at": 1791232080.2169247, "data_admitted": true, "informational_edge": 0.07675294654066933, "requested_side": "Down", "limit": 0.825}, {"type": "decision", "start": 1791232800, "created_at": 1791232980.0332835, "choice": "Up", "p_up": 0.9210220303020309, "reason": "CONDITIONAL_PAPER_TAKER_FILL", "opening": {"timestamp": 1791232800.0, "price": 85798.35029404817, "received_at": 1791232801.5059674, "generation": 9}, "latest": {"timestamp": 1791232979.0, "price": 85806.79280993089, "received_at": 1791232980.7516277, "generation": 9}, "intervals": 117, "sigma_price_per_sqrt_second": 0.6643560968506804, "features_at": 1791232980.7952936, "data_admitted": true, "informational_edge": 0.3189689965731817, "requested_side": "Up", "limit": 0.585, "execution": {"shares": 9.661816, "principal_usd": 4.830908, "entry_fee_usd": 0.16909, "cost_usd": 4.999998, "levels": [{"price": 0.5, "shares": 9.661816, "fee_usd": 0.16909}], "assumption": "CONDITIONAL_DISPLAYED_TAKER_DEPTH_NOT_ACTUAL_EXECUTION"}}, {"type": "decision", "start": 1791233100, "created_at": 1791233280.0597959, "choice": "ABSTAIN", "p_up": 0.9996702949800411, "reason": "STALE_UNDERLYING_REFERENCE", "opening": {"timestamp": 1791233100.0, "price": 85789.26152836428, "received_at": 1791233101.9502578, "generation": 9}, "latest": {"timestamp": 1791233279.0, "price": 85817.56660292084, "received_at": 1791233280.617105, "generation": 9}, "intervals": 117, "sigma_price_per_sqrt_second": 0.9233940879706226, "features_at": 1791233280.618164, "data_admitted": true, "informational_edge": 0.06011151617202604, "requested_side": "Up", "limit": 0.935}, {"type": "decision", "start": 1791233400, "created_at": 1791233580.03791, "choice": "ABSTAIN", "p_up": 0.4171251253283725, "reason": "NO_SUFFICIENT_EDGE", "opening": {"timestamp": 1791233400.0, "price": 85801.66026455682, "received_at": 1791233401.6200194, "generation": 9}, "latest": {"timestamp": 1791233579.0, "price": 85798.29223438867, "received_at": 1791233580.9383576, "generation": 9}, "intervals": 118, "sigma_price_per_sqrt_second": 1.7883827374801837, "features_at": 1791233580.9498265, "data_admitted": true, "informational_edge": -0.02492693020566544, "requested_side": "Up", "limit": 0.425}, {"type": "decision", "start": 1791234000, "created_at": 1791234180.0770526, "choice": "ABSTAIN", "p_up": 0.0009862084015099803, "reason": "NO_SUFFICIENT_EDGE", "opening": {"timestamp": 1791234000.0, "price": 85788.13479717646, "received_at": 1791234001.3571694, "generation": 9}, "latest": {"timestamp": 1791234179.0, "price": 85718.54611620241, "received_at": 1791234180.090622, "generation": 9}, "intervals": 117, "sigma_price_per_sqrt_second": 2.4987685676970584, "features_at": 1791234180.1283467, "data_admitted": true, "informational_edge": 0.01263986784694016, "requested_side": "Down", "limit": 0.985}, {"type": "decision", "start": 1791234300, "created_at": 1791234480.0342526, "choice": "ABSTAIN", "p_up": 0.9760544474770068, "reason": "NO_SUFFICIENT_EDGE", "opening": {"timestamp": 1791234300.0, "price": 85712.06062272775, "received_at": 1791234301.766093, "generation": 9}, "latest": {"timestamp": 1791234479.0, "price": 85745.61350114369, "received_at": 1791234480.51733, "generation": 9}, "intervals": 118, "sigma_price_per_sqrt_second": 1.884463740855908, "features_at": 1791234480.5388198, "data_admitted": true, "informational_edge": 0.027104960881945587, "requested_side": "Up", "limit": 0.945}, {"type": "decision", "start": 1791234600, "created_at": 1791234780.0849924, "choice": "ABSTAIN", "p_up": 0.014712692968368635, "reason": "NO_SUFFICIENT_EDGE", "opening": {"timestamp": 1791234600.0, "price": 85744.87948551822, "received_at": 1791234601.5397255, "generation": 9}, "latest": {"timestamp": 1791234779.0, "price": 85710.37372095192, "received_at": 1791234780.6800656, "generation": 9}, "intervals": 118, "sigma_price_per_sqrt_second": 1.7605285888580948, "features_at": 1791234780.6915839, "data_admitted": true, "informational_edge": 0.008249913076237018, "requested_side": "Down", "limit": 0.975}, {"type": "decision", "start": 1791234900, "created_at": 1791235080.0453749, "choice": "ABSTAIN", "p_up": 0.9999999998705742, "reason": "STALE_UNDERLYING_REFERENCE", "opening": {"timestamp": 1791234900.0, "price": 85731.91981607105, "received_at": 1791234901.3328943, "generation": 9}, "latest": {"timestamp": 1791235079.0, "price": 85772.42928302905, "received_at": 1791235080.5973675, "generation": 9}, "intervals": 117, "sigma_price_per_sqrt_second": 0.7120103379219564, "features_at": 1791235080.6010466, "data_admitted": true, "informational_edge": 0.03231024404726269, "requested_side": "Up", "limit": 0.965}, {"type": "decision", "start": 1791235200, "created_at": 1791235380.084906, "choice": "ABSTAIN", "p_up": 0.44668002988064326, "reason": "NO_SUFFICIENT_EDGE", "opening": {"timestamp": 1791235200.0, "price": 85809.47962449772, "received_at": 1791235201.3791685, "generation": 9}, "latest": {"timestamp": 1791235379.0, "price": 85809.11919830376, "received_at": 1791235380.592156, "generation": 9}, "intervals": 118, "sigma_price_per_sqrt_second": 0.2987409931532286, "features_at": 1791235380.5928972, "data_admitted": true, "informational_edge": -0.009068340806562599, "requested_side": "Down", "limit": 0.545}, {"type": "decision", "start": 1791236100, "created_at": 1791236280.0945866, "choice": "ABSTAIN", "p_up": 0.9793982039397584, "reason": "STALE_UNDERLYING_REFERENCE", "opening": {"timestamp": 1791236100.0, "price": 85853.17498218639, "received_at": 1791236101.245418, "generation": 9}, "latest": {"timestamp": 1791236279.0, "price": 85892.17132245009, "received_at": 1791236280.1456344, "generation": 9}, "intervals": 118, "sigma_price_per_sqrt_second": 2.122448597706955, "features_at": 1791236280.1463223, "data_admitted": true, "informational_edge": 0.030448717344697233, "requested_side": "Up", "limit": 0.945}, {"type": "decision", "start": 1791236400, "created_at": 1791236580.0704894, "choice": "ABSTAIN", "p_up": 0.5485475768272704, "reason": "NO_SUFFICIENT_EDGE", "opening": {"timestamp": 1791236400.0, "price": 85890.78777112583, "received_at": 1791236401.5096653, "generation": 9}, "latest": {"timestamp": 1791236579.0, "price": 85891.78108884011, "received_at": 1791236580.5554152, "generation": 9}, "intervals": 117, "sigma_price_per_sqrt_second": 0.9047155138668705, "features_at": 1791236580.5759823, "data_admitted": true, "informational_edge": -0.010795920511652343, "requested_side": "Down", "limit": 0.445}, {"type": "decision", "start": 1791236700, "created_at": 1791236880.086637, "choice": "ABSTAIN", "p_up": 0.16753574151293027, "reason": "STALE_UNDERLYING_REFERENCE", "opening": {"timestamp": 1791236700.0, "price": 85911.3320523829, "received_at": 1791236701.6881135, "generation": 9}, "latest": {"timestamp": 1791236879.0, "price": 85875.40419691901, "received_at": 1791236880.5463023, "generation": 9}, "intervals": 116, "sigma_price_per_sqrt_second": 4.141281163433154, "features_at": 1791236880.5931082, "data_admitted": true, "informational_edge": 0.0668026635370386, "requested_side": "Up", "limit": 0.095}, {"type": "decision", "start": 1791237000, "created_at": 1791237180.0482864, "choice": "ABSTAIN", "p_up": 1.0, "reason": "STALE_UNDERLYING_REFERENCE", "opening": {"timestamp": 1791237000.0, "price": 85887.81836715157, "received_at": 1791237001.5941465, "generation": 9}, "latest": {"timestamp": 1791237179.0, "price": 85943.60564127921, "received_at": 1791237180.8342197, "generation": 9}, "intervals": 117, "sigma_price_per_sqrt_second": 0.542407340045676, "features_at": 1791237180.8583832, "data_admitted": true, "informational_edge": 0.03231024417668849, "requested_side": "Up", "limit": 0.965}]}}
2026-10-05T22:00:02.9606478Z ##[group]Run actions/upload-artifact@v4
2026-10-05T22:00:02.9606721Z with:
2026-10-05T22:00:02.9606900Z   name: btc-until-0100-paper-37360192734
2026-10-05T22:00:02.9607439Z   path: runs/unified-until-0100/
docs/unified/until-0100-plan.json
docs/unified/policy.json
docs/unified/transport-policy.json
docs/unified/UNTIL_0100_AR.md

2026-10-05T22:00:02.9607943Z   retention-days: 90
2026-10-05T22:00:02.9608121Z   if-no-files-found: error
2026-10-05T22:00:02.9608307Z   compression-level: 6
2026-10-05T22:00:02.9608480Z   overwrite: false
2026-10-05T22:00:02.9608652Z   include-hidden-files: false
2026-10-05T22:00:02.9608838Z env:
2026-10-05T22:00:02.9609043Z   pythonLocation: /opt/hostedtoolcache/Python/3.12.14/x64
2026-10-05T22:00:02.9609375Z   PKG_CONFIG_PATH: /opt/hostedtoolcache/Python/3.12.14/x64/lib/pkgconfig
2026-10-05T22:00:02.9609722Z   Python_ROOT_DIR: /opt/hostedtoolcache/Python/3.12.14/x64
2026-10-05T22:00:02.9610057Z   Python2_ROOT_DIR: /opt/hostedtoolcache/Python/3.12.14/x64
2026-10-05T22:00:02.9610350Z   Python3_ROOT_DIR: /opt/hostedtoolcache/Python/3.12.14/x64
2026-10-05T22:00:02.9610641Z   LD_LIBRARY_PATH: /opt/hostedtoolcache/Python/3.12.14/x64/lib
2026-10-05T22:00:02.9610893Z ##[endgroup]
2026-10-05T22:00:03.1002901Z (node:3340) [DEP0040] DeprecationWarning: The `punycode` module is deprecated. Please use a userland alternative instead.
2026-10-05T22:00:03.1003976Z (Use `node --trace-deprecation ...` to show where the warning was created)
2026-10-05T22:00:03.1293282Z Multiple search paths detected. Calculating the least common ancestor of all paths
2026-10-05T22:00:03.1413412Z The least common ancestor is /home/runner/work/polymarket-pair-bot/polymarket-pair-bot. This will be the root directory of the artifact
2026-10-05T22:00:03.1414627Z With the provided path, there will be 6 files uploaded
2026-10-05T22:00:03.1415749Z Artifact name is valid!
2026-10-05T22:00:03.1416185Z Root directory input is valid!
2026-10-05T22:00:03.5960210Z Beginning upload of artifact content to blob storage
2026-10-05T22:00:04.2554234Z (node:3340) [DEP0169] DeprecationWarning: `url.parse()` behavior is not standardized and prone to errors that have security implications. Use the WHATWG URL API instead. CVEs are not issued for `url.parse()` vulnerabilities.
2026-10-05T22:00:04.9289583Z Uploaded bytes 8388608
2026-10-05T22:00:05.1253922Z Uploaded bytes 14163402
2026-10-05T22:00:05.1819398Z Finished uploading artifact content to blob storage!
2026-10-05T22:00:05.1820389Z SHA256 digest of uploaded artifact zip is d9a1ea9c3880e5455b5960d8b483cb688ebc640a5a16bf80d545941209683caf
2026-10-05T22:00:05.1822471Z Finalizing artifact upload
2026-10-05T22:00:05.4461392Z Artifact btc-until-0100-paper-37360192734.zip successfully finalized. Artifact ID 11372997498
2026-10-05T22:00:05.4462773Z Artifact btc-until-0100-paper-37360192734 has been successfully uploaded! Final size is 14163402 bytes. Artifact ID is 11372997498
2026-10-05T22:00:05.4468269Z Artifact download URL: https://github.com/khaledhasneen1993/polymarket-pair-bot/actions/runs/37360192734/artifacts/11372997498
2026-10-05T22:00:05.4662187Z Post job cleanup.
2026-10-05T22:00:05.5678543Z (node:3354) [DEP0040] DeprecationWarning: The `punycode` module is deprecated. Please use a userland alternative instead.
2026-10-05T22:00:05.5679745Z (Use `node --trace-deprecation ...` to show where the warning was created)
2026-10-05T22:00:05.5877564Z Post job cleanup.
2026-10-05T22:00:05.6859827Z [command]/usr/bin/git version
2026-10-05T22:00:05.6952681Z git version 2.55.0
2026-10-05T22:00:05.7065810Z Temporarily overriding HOME='/home/runner/work/_temp/fffec585-3e19-40fd-81a4-69dbe37003cd' before making global git config changes
2026-10-05T22:00:05.7095104Z Adding repository directory to the temporary git global config as a safe directory
2026-10-05T22:00:05.7096170Z [command]/usr/bin/git config --global --add safe.directory /home/runner/work/polymarket-pair-bot/polymarket-pair-bot
2026-10-05T22:00:05.7172574Z [command]/usr/bin/git config --local --name-only --get-regexp core\.sshCommand
2026-10-05T22:00:05.7262262Z [command]/usr/bin/git submodule foreach --recursive sh -c "git config --local --name-only --get-regexp 'core\.sshCommand' && git config --local --unset-all 'core.sshCommand' || :"
2026-10-05T22:00:05.7885009Z [command]/usr/bin/git config --local --name-only --get-regexp http\.https\:\/\/github\.com\/\.extraheader
2026-10-05T22:00:05.7936300Z http.https://github.com/.extraheader
2026-10-05T22:00:05.7982891Z [command]/usr/bin/git config --local --unset-all http.https://github.com/.extraheader
2026-10-05T22:00:05.8001859Z [command]/usr/bin/git submodule foreach --recursive sh -c "git config --local --name-only --get-regexp 'http\.https\:\/\/github\.com\/\.extraheader' && git config --local --unset-all 'http.https://github.com/.extraheader' || :"
2026-10-05T22:00:05.8322797Z [command]/usr/bin/git config --local --name-only --get-regexp ^includeIf\.gitdir:
2026-10-05T22:00:05.8351160Z [command]/usr/bin/git submodule foreach --recursive git config --local --show-origin --name-only --get-regexp remote.origin.url
2026-10-05T22:00:05.8698153Z Cleaning up orphan processes
2026-10-05T22:00:05.8878903Z ##[warning]Node.js 20 is deprecated. The following actions target Node.js 20 but are being forced to run on Node.js 24: actions/checkout@v4, actions/setup-python@v5, actions/upload-artifact@v4. For more information see: https://github.blog/changelog/2025-09-19-deprecation-of-node-20-on-github-actions-runners/
